// Jest Snapshot v1, https://goo.gl/fbAQLP

exports[`Comment component should render initial layout 1`] = `
Array [
  <div
    className="comment"
  >
    <figure
      className="commentData"
    >
      <UserDataLink
        user={Object {}}
      />
    </figure>
    <CommentContainer
      commentCreator={Object {}}
      currentUser={
        Object {
          "_id": "123",
        }
      }
      handleDisLikeComment={[Function]}
      handleLikeComment={[Function]}
      handleShowModal={[Function]}
      isLiked={false}
      text=""
    />
    <CommentMeta
      date=""
      handleShowLikesModal={[Function]}
      likesCount={1}
    />
  </div>,
]
`;
