// Jest Snapshot v1, https://goo.gl/fbAQLP

exports[`CommentMeta component should render initial layout 1`] = `
Array [
  <div
    className="meta"
  >
    <span
      className="date"
    >
      NaN years
    </span>
    <span
      onClick={[MockFunction]}
    >
      1
       likes
    </span>
  </div>,
]
`;
