// Jest Snapshot v1, https://goo.gl/fbAQLP

exports[`Message component should render initial layout 1`] = `
Array [
  <div
    className="chat-message column float-right"
  >
    <UserChatCard
      isMine={true}
      onlineUser={Object {}}
    />
    <span
      className="mine"
    />
  </div>,
]
`;
